--------------------------------------------------------------------------------------
Timing Analyzer Summary
--------------------------------------------------------------------------------------

Type           : Worst-case tco
Slack          : N/A
Required Time  : None
Actual Time    : 8.282 ns
From           : lpm_counter3:inst|lpm_counter:lpm_counter_component|cntr_qlh:auto_generated|safe_q[3]
To             : DCa[9]
From Clock     : clk
To Clock       : --
Failed Paths   : 0

Type           : Worst-case tpd
Slack          : N/A
Required Time  : None
Actual Time    : 10.868 ns
From           : clk
To             : DCa[9]
From Clock     : --
To Clock       : --
Failed Paths   : 0

Type           : Clock Setup: 'clk'
Slack          : N/A
Required Time  : None
Actual Time    : Restricted to 500.00 MHz ( period = 2.000 ns )
From           : lpm_counter3:inst|lpm_counter:lpm_counter_component|cntr_qlh:auto_generated|safe_q[0]
To             : lpm_counter3:inst|lpm_counter:lpm_counter_component|cntr_qlh:auto_generated|safe_q[3]
From Clock     : clk
To Clock       : clk
Failed Paths   : 0

Type           : Total number of failed paths
Slack          : 
Required Time  : 
Actual Time    : 
From           : 
To             : 
From Clock     : 
To Clock       : 
Failed Paths   : 0

--------------------------------------------------------------------------------------

